C51 COMPILER V9.54   DELAY                                                                 01/13/2016 03:25:20 PAGE 1   


C51 COMPILER V9.54, COMPILATION OF MODULE DELAY
OBJECT MODULE PLACED IN .\Objects\delay.obj
COMPILER INVOKED BY: C:\Keil_v5\C51\BIN\C51.EXE ..\lib\delay.c OPTIMIZE(8,SPEED) BROWSE DEBUG OBJECTEXTEND PRINT(.\Listi
                    -ngs\delay.lst) TABS(2) OBJECT(.\Objects\delay.obj)

line level    source

   1          #include "delay.h"
   2          
   3          void delay_us(unsigned int usecond) {
   4   1        while (usecond-- > 0);
   5   1      }
   6          
   7          void delay_ms(unsigned int msecond) {
   8   1        unsigned int i=0, j=0;
   9   1        
  10   1        for (i=0; i<msecond; ++i)
  11   1          for (j=0; j<122; ++j);
  12   1      }
  13          
  14          //7us
  15          void delay_min() {
  16   1        
  17   1      }


MODULE INFORMATION:   STATIC OVERLAYABLE
   CODE SIZE        =     49    ----
   CONSTANT SIZE    =   ----    ----
   XDATA SIZE       =   ----    ----
   PDATA SIZE       =   ----    ----
   DATA SIZE        =   ----    ----
   IDATA SIZE       =   ----    ----
   BIT SIZE         =   ----    ----
END OF MODULE INFORMATION.


C51 COMPILATION COMPLETE.  0 WARNING(S),  0 ERROR(S)
