C51 COMPILER V9.54   LCD                                                                   01/13/2016 09:30:33 PAGE 1   


C51 COMPILER V9.54, COMPILATION OF MODULE LCD
OBJECT MODULE PLACED IN .\Objects\lcd.obj
COMPILER INVOKED BY: C:\Keil_v5\C51\BIN\C51.EXE ..\..\lib\lcd.c OPTIMIZE(8,SPEED) BROWSE DEBUG OBJECTEXTEND PRINT(.\List
                    -ings\lcd.lst) TABS(2) OBJECT(.\Objects\lcd.obj)

line level    source

   1          #include <reg51.h>
   2          #include "lcd.h"
   3          #include "delay.h"
   4          #include "delay.c"
   5          
   6          sbit  LCD_RS=P0^0;
   7          sbit  LCD_EN=P0^1;
   8          sfr LCD_DATA=0xA0;
   9          
  10          void lcd_cmd(const unsigned char cmd) {
  11   1        LCD_RS   = 0;
  12   1        LCD_DATA = cmd;
  13   1        LCD_EN   = 0;
  14   1        LCD_EN   = 1;
  15   1        
  16   1        if (cmd == 0x01 || cmd == 0x02) {
  17   2          delay_ms(2);
  18   2        } else {
  19   2          delay_ms(1);
  20   2        }
  21   1      }
  22          
  23          void lcd_data(const unsigned char c) {
  24   1        LCD_RS   = 1;
  25   1        LCD_DATA = c;
  26   1        LCD_EN   = 0;
  27   1        LCD_EN   = 1;
  28   1        
  29   1        if (c == 0x01 || c == 0x02) {
  30   2          delay_ms(2);
  31   2        } else {
  32   2          delay_ms(1);
  33   2        }
  34   1      }
  35          
  36          void display_string_on_lcd(const unsigned char *str) {
  37   1        unsigned int i=0;
  38   1        
  39   1        while (str[i] != '\0') {
  40   2          lcd_data(str[i++]);
  41   2        }
  42   1      }


MODULE INFORMATION:   STATIC OVERLAYABLE
   CODE SIZE        =    158    ----
   CONSTANT SIZE    =   ----    ----
   XDATA SIZE       =   ----    ----
   PDATA SIZE       =   ----    ----
   DATA SIZE        =   ----       5
   IDATA SIZE       =   ----    ----
   BIT SIZE         =   ----    ----
END OF MODULE INFORMATION.


C51 COMPILATION COMPLETE.  0 WARNING(S),  0 ERROR(S)
