C51 COMPILER V8.05a   DELAY                                                                01/12/2016 00:29:11 PAGE 1   


C51 COMPILER V8.05a, COMPILATION OF MODULE DELAY
OBJECT MODULE PLACED IN .\delay.obj
COMPILER INVOKED BY: C:\Keil\C51\BIN\C51.EXE ..\lib\delay.c BROWSE DEBUG OBJECTEXTEND PRINT(.\delay.lst) OBJECT(.\delay.
                    -obj)

line level    source

   1          #include "delay.h"
   2          
   3          void delay_us(unsigned int usecond) {
   4   1          while (usecond-- > 0);
   5   1      }
   6          
   7          void delay_ms(unsigned int msecond) {
   8   1          while(msecond-- > 0) {
   9   2              delay_us(MS_US);
  10   2          }
  11   1      }


MODULE INFORMATION:   STATIC OVERLAYABLE
   CODE SIZE        =     45    ----
   CONSTANT SIZE    =   ----    ----
   XDATA SIZE       =   ----    ----
   PDATA SIZE       =   ----    ----
   DATA SIZE        =   ----    ----
   IDATA SIZE       =   ----    ----
   BIT SIZE         =   ----    ----
END OF MODULE INFORMATION.


C51 COMPILATION COMPLETE.  0 WARNING(S),  0 ERROR(S)
